// Jest Snapshot v1, https://goo.gl/fbAQLP

exports[`should render AdminLogin component correctly 1`] = `
<div>
  <h2>
    Please login, sir.
  </h2>
  <input
    onChange={[Function]}
    placeholder="Email"
    type="text"
    value=""
  />
  <input
    onChange={[Function]}
    placeholder="Password"
    type="text"
    value=""
  />
  <button
    onClick={[Function]}
  >
    Log In
  </button>
</div>
`;
