// Jest Snapshot v1, https://goo.gl/fbAQLP

exports[`should render Footer component correctly 1`] = `
<div
  className="footer"
>
  <img
    alt="site-logo"
    src="/images/rea-logo.png"
  />
</div>
`;
